Archive member included to satisfy reference by file (symbol)

c:/program files (x86)/atollic/truestudio for stm32 9.0.1/armtools/bin/../lib/gcc/arm-atollic-eabi/6.3.1/../../../../arm-atollic-eabi/lib/armv7-m\libc_nano.a(lib_a-init.o)
                              startup\startup_stm32f103xb.o (__libc_init_array)

Allocating common symbols
Common symbol       size              file

uwTick              0x4               Drivers\STM32F1xx_HAL_Driver\Src\stm32f1xx_hal.o
pFlash              0x20              Drivers\STM32F1xx_HAL_Driver\Src\stm32f1xx_hal_flash.o

Discarded input sections

 .text          0x00000000        0x0 c:/program files (x86)/atollic/truestudio for stm32 9.0.1/armtools/bin/../lib/gcc/arm-atollic-eabi/6.3.1/armv7-m/crti.o
 .data          0x00000000        0x0 c:/program files (x86)/atollic/truestudio for stm32 9.0.1/armtools/bin/../lib/gcc/arm-atollic-eabi/6.3.1/armv7-m/crti.o
 .bss           0x00000000        0x0 c:/program files (x86)/atollic/truestudio for stm32 9.0.1/armtools/bin/../lib/gcc/arm-atollic-eabi/6.3.1/armv7-m/crti.o
 .data          0x00000000        0x4 c:/program files (x86)/atollic/truestudio for stm32 9.0.1/armtools/bin/../lib/gcc/arm-atollic-eabi/6.3.1/armv7-m/crtbegin.o
 .text          0x00000000        0x0 Drivers\STM32F1xx_HAL_Driver\Src\stm32f1xx_hal.o
 .data          0x00000000        0x0 Drivers\STM32F1xx_HAL_Driver\Src\stm32f1xx_hal.o
 .bss           0x00000000        0x0 Drivers\STM32F1xx_HAL_Driver\Src\stm32f1xx_hal.o
 .text.HAL_DeInit
                0x00000000       0x30 Drivers\STM32F1xx_HAL_Driver\Src\stm32f1xx_hal.o
 .text.HAL_MspInit
                0x00000000        0xc Drivers\STM32F1xx_HAL_Driver\Src\stm32f1xx_hal.o
 .text.HAL_MspDeInit
                0x00000000        0xc Drivers\STM32F1xx_HAL_Driver\Src\stm32f1xx_hal.o
 .text.HAL_GetTickPrio
                0x00000000       0x14 Drivers\STM32F1xx_HAL_Driver\Src\stm32f1xx_hal.o
 .text.HAL_SetTickFreq
                0x00000000       0x40 Drivers\STM32F1xx_HAL_Driver\Src\stm32f1xx_hal.o
 .text.HAL_GetTickFreq
                0x00000000       0x14 Drivers\STM32F1xx_HAL_Driver\Src\stm32f1xx_hal.o
 .text.HAL_SuspendTick
                0x00000000       0x1c Drivers\STM32F1xx_HAL_Driver\Src\stm32f1xx_hal.o
 .text.HAL_ResumeTick
                0x00000000       0x1c Drivers\STM32F1xx_HAL_Driver\Src\stm32f1xx_hal.o
 .text.HAL_GetHalVersion
                0x00000000       0x14 Drivers\STM32F1xx_HAL_Driver\Src\stm32f1xx_hal.o
 .text.HAL_GetREVID
                0x00000000       0x18 Drivers\STM32F1xx_HAL_Driver\Src\stm32f1xx_hal.o
 .text.HAL_GetDEVID
                0x00000000       0x18 Drivers\STM32F1xx_HAL_Driver\Src\stm32f1xx_hal.o
 .text.HAL_DBGMCU_EnableDBGSleepMode
                0x00000000       0x1c Drivers\STM32F1xx_HAL_Driver\Src\stm32f1xx_hal.o
 .text.HAL_DBGMCU_DisableDBGSleepMode
                0x00000000       0x1c Drivers\STM32F1xx_HAL_Driver\Src\stm32f1xx_hal.o
 .text.HAL_DBGMCU_EnableDBGStopMode
                0x00000000       0x1c Drivers\STM32F1xx_HAL_Driver\Src\stm32f1xx_hal.o
 .text.HAL_DBGMCU_DisableDBGStopMode
                0x00000000       0x1c Drivers\STM32F1xx_HAL_Driver\Src\stm32f1xx_hal.o
 .text.HAL_DBGMCU_EnableDBGStandbyMode
                0x00000000       0x1c Drivers\STM32F1xx_HAL_Driver\Src\stm32f1xx_hal.o
 .text.HAL_DBGMCU_DisableDBGStandbyMode
                0x00000000       0x1c Drivers\STM32F1xx_HAL_Driver\Src\stm32f1xx_hal.o
 .text.HAL_GetUID
                0x00000000       0x3c Drivers\STM32F1xx_HAL_Driver\Src\stm32f1xx_hal.o
 .text          0x00000000        0x0 Drivers\STM32F1xx_HAL_Driver\Src\stm32f1xx_hal_cortex.o
 .data          0x00000000        0x0 Drivers\STM32F1xx_HAL_Driver\Src\stm32f1xx_hal_cortex.o
 .bss           0x00000000        0x0 Drivers\STM32F1xx_HAL_Driver\Src\stm32f1xx_hal_cortex.o
 .text.NVIC_EnableIRQ
                0x00000000       0x30 Drivers\STM32F1xx_HAL_Driver\Src\stm32f1xx_hal_cortex.o
 .text.NVIC_DisableIRQ
                0x00000000       0x34 Drivers\STM32F1xx_HAL_Driver\Src\stm32f1xx_hal_cortex.o
 .text.NVIC_GetPendingIRQ
                0x00000000       0x34 Drivers\STM32F1xx_HAL_Driver\Src\stm32f1xx_hal_cortex.o
 .text.NVIC_SetPendingIRQ
                0x00000000       0x34 Drivers\STM32F1xx_HAL_Driver\Src\stm32f1xx_hal_cortex.o
 .text.NVIC_ClearPendingIRQ
                0x00000000       0x34 Drivers\STM32F1xx_HAL_Driver\Src\stm32f1xx_hal_cortex.o
 .text.NVIC_GetActive
                0x00000000       0x34 Drivers\STM32F1xx_HAL_Driver\Src\stm32f1xx_hal_cortex.o
 .text.NVIC_GetPriority
                0x00000000       0x4c Drivers\STM32F1xx_HAL_Driver\Src\stm32f1xx_hal_cortex.o
 .text.NVIC_DecodePriority
                0x00000000       0x68 Drivers\STM32F1xx_HAL_Driver\Src\stm32f1xx_hal_cortex.o
 .text.NVIC_SystemReset
                0x00000000       0x28 Drivers\STM32F1xx_HAL_Driver\Src\stm32f1xx_hal_cortex.o
 .text.HAL_NVIC_EnableIRQ
                0x00000000       0x1c Drivers\STM32F1xx_HAL_Driver\Src\stm32f1xx_hal_cortex.o
 .text.HAL_NVIC_DisableIRQ
                0x00000000       0x1c Drivers\STM32F1xx_HAL_Driver\Src\stm32f1xx_hal_cortex.o
 .text.HAL_NVIC_SystemReset
                0x00000000        0xc Drivers\STM32F1xx_HAL_Driver\Src\stm32f1xx_hal_cortex.o
 .text.HAL_NVIC_GetPriorityGrouping
                0x00000000        0xe Drivers\STM32F1xx_HAL_Driver\Src\stm32f1xx_hal_cortex.o
 .text.HAL_NVIC_GetPriority
                0x00000000       0x2c Drivers\STM32F1xx_HAL_Driver\Src\stm32f1xx_hal_cortex.o
 .text.HAL_NVIC_SetPendingIRQ
                0x00000000       0x1c Drivers\STM32F1xx_HAL_Driver\Src\stm32f1xx_hal_cortex.o
 .text.HAL_NVIC_GetPendingIRQ
                0x00000000       0x1e Drivers\STM32F1xx_HAL_Driver\Src\stm32f1xx_hal_cortex.o
 .text.HAL_NVIC_ClearPendingIRQ
                0x00000000       0x1c Drivers\STM32F1xx_HAL_Driver\Src\stm32f1xx_hal_cortex.o
 .text.HAL_NVIC_GetActive
                0x00000000       0x1e Drivers\STM32F1xx_HAL_Driver\Src\stm32f1xx_hal_cortex.o
 .text          0x00000000        0x0 Drivers\STM32F1xx_HAL_Driver\Src\stm32f1xx_hal_dma.o
 .data          0x00000000        0x0 Drivers\STM32F1xx_HAL_Driver\Src\stm32f1xx_hal_dma.o
 .bss           0x00000000        0x0 Drivers\STM32F1xx_HAL_Driver\Src\stm32f1xx_hal_dma.o
 .text.HAL_DMA_Init
                0x00000000       0xcc Drivers\STM32F1xx_HAL_Driver\Src\stm32f1xx_hal_dma.o
 .text.HAL_DMA_DeInit
                0x00000000       0xa0 Drivers\STM32F1xx_HAL_Driver\Src\stm32f1xx_hal_dma.o
 .text.HAL_DMA_Start
                0x00000000       0x84 Drivers\STM32F1xx_HAL_Driver\Src\stm32f1xx_hal_dma.o
 .text.HAL_DMA_Start_IT
                0x00000000       0xbe Drivers\STM32F1xx_HAL_Driver\Src\stm32f1xx_hal_dma.o
 .text.HAL_DMA_Abort
                0x00000000       0x58 Drivers\STM32F1xx_HAL_Driver\Src\stm32f1xx_hal_dma.o
 .text.HAL_DMA_Abort_IT
                0x00000000       0xf8 Drivers\STM32F1xx_HAL_Driver\Src\stm32f1xx_hal_dma.o
 .text.HAL_DMA_PollForTransfer
                0x00000000      0x360 Drivers\STM32F1xx_HAL_Driver\Src\stm32f1xx_hal_dma.o
 .text.HAL_DMA_IRQHandler
                0x00000000      0x224 Drivers\STM32F1xx_HAL_Driver\Src\stm32f1xx_hal_dma.o
 .text.HAL_DMA_RegisterCallback
                0x00000000       0x90 Drivers\STM32F1xx_HAL_Driver\Src\stm32f1xx_hal_dma.o
 .text.HAL_DMA_UnRegisterCallback
                0x00000000       0xac Drivers\STM32F1xx_HAL_Driver\Src\stm32f1xx_hal_dma.o
 .text.HAL_DMA_GetState
                0x00000000       0x18 Drivers\STM32F1xx_HAL_Driver\Src\stm32f1xx_hal_dma.o
 .text.HAL_DMA_GetError
                0x00000000       0x16 Drivers\STM32F1xx_HAL_Driver\Src\stm32f1xx_hal_dma.o
 .text.DMA_SetConfig
                0x00000000       0x5a Drivers\STM32F1xx_HAL_Driver\Src\stm32f1xx_hal_dma.o
 .debug_info    0x00000000      0xf6c Drivers\STM32F1xx_HAL_Driver\Src\stm32f1xx_hal_dma.o
 .debug_abbrev  0x00000000      0x26a Drivers\STM32F1xx_HAL_Driver\Src\stm32f1xx_hal_dma.o
 .debug_aranges
                0x00000000       0x80 Drivers\STM32F1xx_HAL_Driver\Src\stm32f1xx_hal_dma.o
 .debug_ranges  0x00000000       0x70 Drivers\STM32F1xx_HAL_Driver\Src\stm32f1xx_hal_dma.o
 .debug_line    0x00000000      0x6f1 Drivers\STM32F1xx_HAL_Driver\Src\stm32f1xx_hal_dma.o
 .debug_str     0x00000000      0xa66 Drivers\STM32F1xx_HAL_Driver\Src\stm32f1xx_hal_dma.o
 .comment       0x00000000       0x7d Drivers\STM32F1xx_HAL_Driver\Src\stm32f1xx_hal_dma.o
 .debug_frame   0x00000000      0x208 Drivers\STM32F1xx_HAL_Driver\Src\stm32f1xx_hal_dma.o
 .ARM.attributes
                0x00000000       0x33 Drivers\STM32F1xx_HAL_Driver\Src\stm32f1xx_hal_dma.o
 .text          0x00000000        0x0 Drivers\STM32F1xx_HAL_Driver\Src\stm32f1xx_hal_flash.o
 .data          0x00000000        0x0 Drivers\STM32F1xx_HAL_Driver\Src\stm32f1xx_hal_flash.o
 .bss           0x00000000        0x0 Drivers\STM32F1xx_HAL_Driver\Src\stm32f1xx_hal_flash.o
 .text.HAL_FLASH_Program
                0x00000000       0xe0 Drivers\STM32F1xx_HAL_Driver\Src\stm32f1xx_hal_flash.o
 .text.HAL_FLASH_Program_IT
                0x00000000       0x90 Drivers\STM32F1xx_HAL_Driver\Src\stm32f1xx_hal_flash.o
 .text.HAL_FLASH_IRQHandler
                0x00000000      0x1c4 Drivers\STM32F1xx_HAL_Driver\Src\stm32f1xx_hal_flash.o
 .text.HAL_FLASH_EndOfOperationCallback
                0x00000000       0x12 Drivers\STM32F1xx_HAL_Driver\Src\stm32f1xx_hal_flash.o
 .text.HAL_FLASH_OperationErrorCallback
                0x00000000       0x12 Drivers\STM32F1xx_HAL_Driver\Src\stm32f1xx_hal_flash.o
 .text.HAL_FLASH_Unlock
                0x00000000       0x4c Drivers\STM32F1xx_HAL_Driver\Src\stm32f1xx_hal_flash.o
 .text.HAL_FLASH_Lock
                0x00000000       0x20 Drivers\STM32F1xx_HAL_Driver\Src\stm32f1xx_hal_flash.o
 .text.HAL_FLASH_OB_Unlock
                0x00000000       0x38 Drivers\STM32F1xx_HAL_Driver\Src\stm32f1xx_hal_flash.o
 .text.HAL_FLASH_OB_Lock
                0x00000000       0x20 Drivers\STM32F1xx_HAL_Driver\Src\stm32f1xx_hal_flash.o
 .text.HAL_FLASH_OB_Launch
                0x00000000        0xc Drivers\STM32F1xx_HAL_Driver\Src\stm32f1xx_hal_flash.o
 .text.HAL_FLASH_GetError
                0x00000000       0x14 Drivers\STM32F1xx_HAL_Driver\Src\stm32f1xx_hal_flash.o
 .text.FLASH_Program_HalfWord
                0x00000000       0x38 Drivers\STM32F1xx_HAL_Driver\Src\stm32f1xx_hal_flash.o
 .text.FLASH_WaitForLastOperation
                0x00000000       0x8c Drivers\STM32F1xx_HAL_Driver\Src\stm32f1xx_hal_flash.o
 .text.FLASH_SetErrorCode
                0x00000000       0xa0 Drivers\STM32F1xx_HAL_Driver\Src\stm32f1xx_hal_flash.o
 .debug_info    0x00000000      0xd63 Drivers\STM32F1xx_HAL_Driver\Src\stm32f1xx_hal_flash.o
 .debug_abbrev  0x00000000      0x2ab Drivers\STM32F1xx_HAL_Driver\Src\stm32f1xx_hal_flash.o
 .debug_aranges
                0x00000000       0x88 Drivers\STM32F1xx_HAL_Driver\Src\stm32f1xx_hal_flash.o
 .debug_ranges  0x00000000       0x78 Drivers\STM32F1xx_HAL_Driver\Src\stm32f1xx_hal_flash.o
 .debug_line    0x00000000      0x4ad Drivers\STM32F1xx_HAL_Driver\Src\stm32f1xx_hal_flash.o
 .debug_str     0x00000000      0x961 Drivers\STM32F1xx_HAL_Driver\Src\stm32f1xx_hal_flash.o
 .comment       0x00000000       0x7d Drivers\STM32F1xx_HAL_Driver\Src\stm32f1xx_hal_flash.o
 .debug_frame   0x00000000      0x214 Drivers\STM32F1xx_HAL_Driver\Src\stm32f1xx_hal_flash.o
 .ARM.attributes
                0x00000000       0x33 Drivers\STM32F1xx_HAL_Driver\Src\stm32f1xx_hal_flash.o
 COMMON         0x00000000       0x20 Drivers\STM32F1xx_HAL_Driver\Src\stm32f1xx_hal_flash.o
 .text          0x00000000        0x0 Drivers\STM32F1xx_HAL_Driver\Src\stm32f1xx_hal_flash_ex.o
 .data          0x00000000        0x0 Drivers\STM32F1xx_HAL_Driver\Src\stm32f1xx_hal_flash_ex.o
 .bss           0x00000000        0x0 Drivers\STM32F1xx_HAL_Driver\Src\stm32f1xx_hal_flash_ex.o
 .text.HAL_FLASHEx_Erase
                0x00000000       0xd8 Drivers\STM32F1xx_HAL_Driver\Src\stm32f1xx_hal_flash_ex.o
 .text.HAL_FLASHEx_Erase_IT
                0x00000000       0x84 Drivers\STM32F1xx_HAL_Driver\Src\stm32f1xx_hal_flash_ex.o
 .text.HAL_FLASHEx_OBErase
                0x00000000       0x84 Drivers\STM32F1xx_HAL_Driver\Src\stm32f1xx_hal_flash_ex.o
 .text.HAL_FLASHEx_OBProgram
                0x00000000       0xf8 Drivers\STM32F1xx_HAL_Driver\Src\stm32f1xx_hal_flash_ex.o
 .text.HAL_FLASHEx_OBGetConfig
                0x00000000       0x38 Drivers\STM32F1xx_HAL_Driver\Src\stm32f1xx_hal_flash_ex.o
 .text.HAL_FLASHEx_OBGetUserData
                0x00000000       0x40 Drivers\STM32F1xx_HAL_Driver\Src\stm32f1xx_hal_flash_ex.o
 .text.FLASH_MassErase
                0x00000000       0x38 Drivers\STM32F1xx_HAL_Driver\Src\stm32f1xx_hal_flash_ex.o
 .text.FLASH_OB_EnableWRP
                0x00000000      0x144 Drivers\STM32F1xx_HAL_Driver\Src\stm32f1xx_hal_flash_ex.o
 .text.FLASH_OB_DisableWRP
                0x00000000      0x140 Drivers\STM32F1xx_HAL_Driver\Src\stm32f1xx_hal_flash_ex.o
 .text.FLASH_OB_RDP_LevelConfig
                0x00000000       0xa0 Drivers\STM32F1xx_HAL_Driver\Src\stm32f1xx_hal_flash_ex.o
 .text.FLASH_OB_UserConfig
                0x00000000       0x70 Drivers\STM32F1xx_HAL_Driver\Src\stm32f1xx_hal_flash_ex.o
 .text.FLASH_OB_ProgramData
                0x00000000       0x68 Drivers\STM32F1xx_HAL_Driver\Src\stm32f1xx_hal_flash_ex.o
 .text.FLASH_OB_GetWRP
                0x00000000       0x14 Drivers\STM32F1xx_HAL_Driver\Src\stm32f1xx_hal_flash_ex.o
 .text.FLASH_OB_GetRDP
                0x00000000       0x38 Drivers\STM32F1xx_HAL_Driver\Src\stm32f1xx_hal_flash_ex.o
 .text.FLASH_OB_GetUser
                0x00000000       0x20 Drivers\STM32F1xx_HAL_Driver\Src\stm32f1xx_hal_flash_ex.o
 .text.FLASH_PageErase
                0x00000000       0x40 Drivers\STM32F1xx_HAL_Driver\Src\stm32f1xx_hal_flash_ex.o
 .debug_info    0x00000000      0xfe7 Drivers\STM32F1xx_HAL_Driver\Src\stm32f1xx_hal_flash_ex.o
 .debug_abbrev  0x00000000      0x2ad Drivers\STM32F1xx_HAL_Driver\Src\stm32f1xx_hal_flash_ex.o
 .debug_aranges
                0x00000000       0x98 Drivers\STM32F1xx_HAL_Driver\Src\stm32f1xx_hal_flash_ex.o
 .debug_ranges  0x00000000       0x88 Drivers\STM32F1xx_HAL_Driver\Src\stm32f1xx_hal_flash_ex.o
 .debug_line    0x00000000      0x509 Drivers\STM32F1xx_HAL_Driver\Src\stm32f1xx_hal_flash_ex.o
 .debug_str     0x00000000      0xa8d Drivers\STM32F1xx_HAL_Driver\Src\stm32f1xx_hal_flash_ex.o
 .comment       0x00000000       0x7d Drivers\STM32F1xx_HAL_Driver\Src\stm32f1xx_hal_flash_ex.o
 .debug_frame   0x00000000      0x258 Drivers\STM32F1xx_HAL_Driver\Src\stm32f1xx_hal_flash_ex.o
 .ARM.attributes
                0x00000000       0x33 Drivers\STM32F1xx_HAL_Driver\Src\stm32f1xx_hal_flash_ex.o
 .text          0x00000000        0x0 Drivers\STM32F1xx_HAL_Driver\Src\stm32f1xx_hal_gpio.o
 .data          0x00000000        0x0 Drivers\STM32F1xx_HAL_Driver\Src\stm32f1xx_hal_gpio.o
 .bss           0x00000000        0x0 Drivers\STM32F1xx_HAL_Driver\Src\stm32f1xx_hal_gpio.o
 .text.HAL_GPIO_DeInit
                0x00000000      0x184 Drivers\STM32F1xx_HAL_Driver\Src\stm32f1xx_hal_gpio.o
 .text.HAL_GPIO_ReadPin
                0x00000000       0x2e Drivers\STM32F1xx_HAL_Driver\Src\stm32f1xx_hal_gpio.o
 .text.HAL_GPIO_TogglePin
                0x00000000       0x22 Drivers\STM32F1xx_HAL_Driver\Src\stm32f1xx_hal_gpio.o
 .text.HAL_GPIO_LockPin
                0x00000000       0x4e Drivers\STM32F1xx_HAL_Driver\Src\stm32f1xx_hal_gpio.o
 .text.HAL_GPIO_EXTI_IRQHandler
                0x00000000       0x30 Drivers\STM32F1xx_HAL_Driver\Src\stm32f1xx_hal_gpio.o
 .text.HAL_GPIO_EXTI_Callback
                0x00000000       0x14 Drivers\STM32F1xx_HAL_Driver\Src\stm32f1xx_hal_gpio.o
 .text          0x00000000        0x0 Drivers\STM32F1xx_HAL_Driver\Src\stm32f1xx_hal_gpio_ex.o
 .data          0x00000000        0x0 Drivers\STM32F1xx_HAL_Driver\Src\stm32f1xx_hal_gpio_ex.o
 .bss           0x00000000        0x0 Drivers\STM32F1xx_HAL_Driver\Src\stm32f1xx_hal_gpio_ex.o
 .text.HAL_GPIOEx_ConfigEventout
                0x00000000       0x2c Drivers\STM32F1xx_HAL_Driver\Src\stm32f1xx_hal_gpio_ex.o
 .text.HAL_GPIOEx_EnableEventout
                0x00000000       0x1c Drivers\STM32F1xx_HAL_Driver\Src\stm32f1xx_hal_gpio_ex.o
 .text.HAL_GPIOEx_DisableEventout
                0x00000000       0x1c Drivers\STM32F1xx_HAL_Driver\Src\stm32f1xx_hal_gpio_ex.o
 .debug_info    0x00000000      0x9f0 Drivers\STM32F1xx_HAL_Driver\Src\stm32f1xx_hal_gpio_ex.o
 .debug_abbrev  0x00000000      0x1ac Drivers\STM32F1xx_HAL_Driver\Src\stm32f1xx_hal_gpio_ex.o
 .debug_aranges
                0x00000000       0x30 Drivers\STM32F1xx_HAL_Driver\Src\stm32f1xx_hal_gpio_ex.o
 .debug_ranges  0x00000000       0x20 Drivers\STM32F1xx_HAL_Driver\Src\stm32f1xx_hal_gpio_ex.o
 .debug_line    0x00000000      0x289 Drivers\STM32F1xx_HAL_Driver\Src\stm32f1xx_hal_gpio_ex.o
 .debug_str     0x00000000      0x6cc Drivers\STM32F1xx_HAL_Driver\Src\stm32f1xx_hal_gpio_ex.o
 .comment       0x00000000       0x7d Drivers\STM32F1xx_HAL_Driver\Src\stm32f1xx_hal_gpio_ex.o
 .debug_frame   0x00000000       0x78 Drivers\STM32F1xx_HAL_Driver\Src\stm32f1xx_hal_gpio_ex.o
 .ARM.attributes
                0x00000000       0x33 Drivers\STM32F1xx_HAL_Driver\Src\stm32f1xx_hal_gpio_ex.o
 .text          0x00000000        0x0 Drivers\STM32F1xx_HAL_Driver\Src\stm32f1xx_hal_pwr.o
 .data          0x00000000        0x0 Drivers\STM32F1xx_HAL_Driver\Src\stm32f1xx_hal_pwr.o
 .bss           0x00000000        0x0 Drivers\STM32F1xx_HAL_Driver\Src\stm32f1xx_hal_pwr.o
 .text.PWR_OverloadWfe
                0x00000000       0x10 Drivers\STM32F1xx_HAL_Driver\Src\stm32f1xx_hal_pwr.o
 .text.HAL_PWR_DeInit
                0x00000000       0x28 Drivers\STM32F1xx_HAL_Driver\Src\stm32f1xx_hal_pwr.o
 .text.HAL_PWR_EnableBkUpAccess
                0x00000000       0x18 Drivers\STM32F1xx_HAL_Driver\Src\stm32f1xx_hal_pwr.o
 .text.HAL_PWR_DisableBkUpAccess
                0x00000000       0x18 Drivers\STM32F1xx_HAL_Driver\Src\stm32f1xx_hal_pwr.o
 .text.HAL_PWR_ConfigPVD
                0x00000000       0xbc Drivers\STM32F1xx_HAL_Driver\Src\stm32f1xx_hal_pwr.o
 .text.HAL_PWR_EnablePVD
                0x00000000       0x18 Drivers\STM32F1xx_HAL_Driver\Src\stm32f1xx_hal_pwr.o
 .text.HAL_PWR_DisablePVD
                0x00000000       0x18 Drivers\STM32F1xx_HAL_Driver\Src\stm32f1xx_hal_pwr.o
 .text.HAL_PWR_EnableWakeUpPin
                0x00000000       0x38 Drivers\STM32F1xx_HAL_Driver\Src\stm32f1xx_hal_pwr.o
 .text.HAL_PWR_DisableWakeUpPin
                0x00000000       0x38 Drivers\STM32F1xx_HAL_Driver\Src\stm32f1xx_hal_pwr.o
 .text.HAL_PWR_EnterSLEEPMode
                0x00000000       0x38 Drivers\STM32F1xx_HAL_Driver\Src\stm32f1xx_hal_pwr.o
 .text.HAL_PWR_EnterSTOPMode
                0x00000000       0x64 Drivers\STM32F1xx_HAL_Driver\Src\stm32f1xx_hal_pwr.o
 .text.HAL_PWR_EnterSTANDBYMode
                0x00000000       0x30 Drivers\STM32F1xx_HAL_Driver\Src\stm32f1xx_hal_pwr.o
 .text.HAL_PWR_EnableSleepOnExit
                0x00000000       0x1c Drivers\STM32F1xx_HAL_Driver\Src\stm32f1xx_hal_pwr.o
 .text.HAL_PWR_DisableSleepOnExit
                0x00000000       0x1c Drivers\STM32F1xx_HAL_Driver\Src\stm32f1xx_hal_pwr.o
 .text.HAL_PWR_EnableSEVOnPend
                0x00000000       0x1c Drivers\STM32F1xx_HAL_Driver\Src\stm32f1xx_hal_pwr.o
 .text.HAL_PWR_DisableSEVOnPend
                0x00000000       0x1c Drivers\STM32F1xx_HAL_Driver\Src\stm32f1xx_hal_pwr.o
 .text.HAL_PWR_PVD_IRQHandler
                0x00000000       0x24 Drivers\STM32F1xx_HAL_Driver\Src\stm32f1xx_hal_pwr.o
 .text.HAL_PWR_PVDCallback
                0x00000000        0xc Drivers\STM32F1xx_HAL_Driver\Src\stm32f1xx_hal_pwr.o
 .debug_info    0x00000000      0xf37 Drivers\STM32F1xx_HAL_Driver\Src\stm32f1xx_hal_pwr.o
 .debug_abbrev  0x00000000      0x2a4 Drivers\STM32F1xx_HAL_Driver\Src\stm32f1xx_hal_pwr.o
 .debug_aranges
                0x00000000       0xa8 Drivers\STM32F1xx_HAL_Driver\Src\stm32f1xx_hal_pwr.o
 .debug_ranges  0x00000000       0x98 Drivers\STM32F1xx_HAL_Driver\Src\stm32f1xx_hal_pwr.o
 .debug_line    0x00000000      0x451 Drivers\STM32F1xx_HAL_Driver\Src\stm32f1xx_hal_pwr.o
 .debug_str     0x00000000      0x910 Drivers\STM32F1xx_HAL_Driver\Src\stm32f1xx_hal_pwr.o
 .comment       0x00000000       0x7d Drivers\STM32F1xx_HAL_Driver\Src\stm32f1xx_hal_pwr.o
 .debug_frame   0x00000000      0x270 Drivers\STM32F1xx_HAL_Driver\Src\stm32f1xx_hal_pwr.o
 .ARM.attributes
                0x00000000       0x33 Drivers\STM32F1xx_HAL_Driver\Src\stm32f1xx_hal_pwr.o
 .text          0x00000000        0x0 Drivers\STM32F1xx_HAL_Driver\Src\stm32f1xx_hal_rcc.o
 .data          0x00000000        0x0 Drivers\STM32F1xx_HAL_Driver\Src\stm32f1xx_hal_rcc.o
 .bss           0x00000000        0x0 Drivers\STM32F1xx_HAL_Driver\Src\stm32f1xx_hal_rcc.o
 .text.HAL_RCC_DeInit
                0x00000000      0x12c Drivers\STM32F1xx_HAL_Driver\Src\stm32f1xx_hal_rcc.o
 .text.HAL_RCC_MCOConfig
                0x00000000       0x70 Drivers\STM32F1xx_HAL_Driver\Src\stm32f1xx_hal_rcc.o
 .text.HAL_RCC_EnableCSS
                0x00000000       0x18 Drivers\STM32F1xx_HAL_Driver\Src\stm32f1xx_hal_rcc.o
 .text.HAL_RCC_DisableCSS
                0x00000000       0x18 Drivers\STM32F1xx_HAL_Driver\Src\stm32f1xx_hal_rcc.o
 .text.HAL_RCC_GetPCLK1Freq
                0x00000000       0x28 Drivers\STM32F1xx_HAL_Driver\Src\stm32f1xx_hal_rcc.o
 .text.HAL_RCC_GetPCLK2Freq
                0x00000000       0x28 Drivers\STM32F1xx_HAL_Driver\Src\stm32f1xx_hal_rcc.o
 .text.HAL_RCC_GetOscConfig
                0x00000000      0x104 Drivers\STM32F1xx_HAL_Driver\Src\stm32f1xx_hal_rcc.o
 .text.HAL_RCC_GetClockConfig
                0x00000000       0x60 Drivers\STM32F1xx_HAL_Driver\Src\stm32f1xx_hal_rcc.o
 .text.HAL_RCC_NMI_IRQHandler
                0x00000000       0x28 Drivers\STM32F1xx_HAL_Driver\Src\stm32f1xx_hal_rcc.o
 .text.HAL_RCC_CSSCallback
                0x00000000        0xc Drivers\STM32F1xx_HAL_Driver\Src\stm32f1xx_hal_rcc.o
 .text          0x00000000        0x0 Drivers\STM32F1xx_HAL_Driver\Src\stm32f1xx_hal_rcc_ex.o
 .data          0x00000000        0x0 Drivers\STM32F1xx_HAL_Driver\Src\stm32f1xx_hal_rcc_ex.o
 .bss           0x00000000        0x0 Drivers\STM32F1xx_HAL_Driver\Src\stm32f1xx_hal_rcc_ex.o
 .text.HAL_RCCEx_PeriphCLKConfig
                0x00000000      0x16c Drivers\STM32F1xx_HAL_Driver\Src\stm32f1xx_hal_rcc_ex.o
 .text.HAL_RCCEx_GetPeriphCLKConfig
                0x00000000       0x60 Drivers\STM32F1xx_HAL_Driver\Src\stm32f1xx_hal_rcc_ex.o
 .rodata        0x00000000       0x12 Drivers\STM32F1xx_HAL_Driver\Src\stm32f1xx_hal_rcc_ex.o
 .text.HAL_RCCEx_GetPeriphCLKFreq
                0x00000000      0x180 Drivers\STM32F1xx_HAL_Driver\Src\stm32f1xx_hal_rcc_ex.o
 .debug_info    0x00000000      0xc04 Drivers\STM32F1xx_HAL_Driver\Src\stm32f1xx_hal_rcc_ex.o
 .debug_abbrev  0x00000000      0x223 Drivers\STM32F1xx_HAL_Driver\Src\stm32f1xx_hal_rcc_ex.o
 .debug_aranges
                0x00000000       0x30 Drivers\STM32F1xx_HAL_Driver\Src\stm32f1xx_hal_rcc_ex.o
 .debug_ranges  0x00000000       0x20 Drivers\STM32F1xx_HAL_Driver\Src\stm32f1xx_hal_rcc_ex.o
 .debug_line    0x00000000      0x36e Drivers\STM32F1xx_HAL_Driver\Src\stm32f1xx_hal_rcc_ex.o
 .debug_str     0x00000000      0x815 Drivers\STM32F1xx_HAL_Driver\Src\stm32f1xx_hal_rcc_ex.o
 .comment       0x00000000       0x7d Drivers\STM32F1xx_HAL_Driver\Src\stm32f1xx_hal_rcc_ex.o
 .debug_frame   0x00000000       0x84 Drivers\STM32F1xx_HAL_Driver\Src\stm32f1xx_hal_rcc_ex.o
 .ARM.attributes
                0x00000000       0x33 Drivers\STM32F1xx_HAL_Driver\Src\stm32f1xx_hal_rcc_ex.o
 .text          0x00000000        0x0 Drivers\STM32F1xx_HAL_Driver\Src\stm32f1xx_hal_tim.o
 .data          0x00000000        0x0 Drivers\STM32F1xx_HAL_Driver\Src\stm32f1xx_hal_tim.o
 .bss           0x00000000        0x0 Drivers\STM32F1xx_HAL_Driver\Src\stm32f1xx_hal_tim.o
 .debug_info    0x00000000      0x927 Drivers\STM32F1xx_HAL_Driver\Src\stm32f1xx_hal_tim.o
 .debug_abbrev  0x00000000      0x15c Drivers\STM32F1xx_HAL_Driver\Src\stm32f1xx_hal_tim.o
 .debug_aranges
                0x00000000       0x18 Drivers\STM32F1xx_HAL_Driver\Src\stm32f1xx_hal_tim.o
 .debug_line    0x00000000      0x203 Drivers\STM32F1xx_HAL_Driver\Src\stm32f1xx_hal_tim.o
 .debug_str     0x00000000      0x62c Drivers\STM32F1xx_HAL_Driver\Src\stm32f1xx_hal_tim.o
 .comment       0x00000000       0x7d Drivers\STM32F1xx_HAL_Driver\Src\stm32f1xx_hal_tim.o
 .ARM.attributes
                0x00000000       0x33 Drivers\STM32F1xx_HAL_Driver\Src\stm32f1xx_hal_tim.o
 .text          0x00000000        0x0 Drivers\STM32F1xx_HAL_Driver\Src\stm32f1xx_hal_tim_ex.o
 .data          0x00000000        0x0 Drivers\STM32F1xx_HAL_Driver\Src\stm32f1xx_hal_tim_ex.o
 .bss           0x00000000        0x0 Drivers\STM32F1xx_HAL_Driver\Src\stm32f1xx_hal_tim_ex.o
 .debug_info    0x00000000      0x927 Drivers\STM32F1xx_HAL_Driver\Src\stm32f1xx_hal_tim_ex.o
 .debug_abbrev  0x00000000      0x15c Drivers\STM32F1xx_HAL_Driver\Src\stm32f1xx_hal_tim_ex.o
 .debug_aranges
                0x00000000       0x18 Drivers\STM32F1xx_HAL_Driver\Src\stm32f1xx_hal_tim_ex.o
 .debug_line    0x00000000      0x203 Drivers\STM32F1xx_HAL_Driver\Src\stm32f1xx_hal_tim_ex.o
 .debug_str     0x00000000      0x62f Drivers\STM32F1xx_HAL_Driver\Src\stm32f1xx_hal_tim_ex.o
 .comment       0x00000000       0x7d Drivers\STM32F1xx_HAL_Driver\Src\stm32f1xx_hal_tim_ex.o
 .ARM.attributes
                0x00000000       0x33 Drivers\STM32F1xx_HAL_Driver\Src\stm32f1xx_hal_tim_ex.o
 .text          0x00000000        0x0 Src\main.o
 .data          0x00000000        0x0 Src\main.o
 .bss           0x00000000        0x0 Src\main.o
 .text          0x00000000        0x0 Src\stm32f1xx_hal_msp.o
 .data          0x00000000        0x0 Src\stm32f1xx_hal_msp.o
 .bss           0x00000000        0x0 Src\stm32f1xx_hal_msp.o
 .text.HAL_MspInit
                0x00000000       0xbc Src\stm32f1xx_hal_msp.o
 .debug_info    0x00000000      0xbde Src\stm32f1xx_hal_msp.o
 .debug_abbrev  0x00000000      0x1c9 Src\stm32f1xx_hal_msp.o
 .debug_aranges
                0x00000000       0x20 Src\stm32f1xx_hal_msp.o
 .debug_ranges  0x00000000       0x10 Src\stm32f1xx_hal_msp.o
 .debug_line    0x00000000      0x24d Src\stm32f1xx_hal_msp.o
 .debug_str     0x00000000      0x964 Src\stm32f1xx_hal_msp.o
 .comment       0x00000000       0x7d Src\stm32f1xx_hal_msp.o
 .debug_frame   0x00000000       0x34 Src\stm32f1xx_hal_msp.o
 .ARM.attributes
                0x00000000       0x33 Src\stm32f1xx_hal_msp.o
 .text          0x00000000        0x0 Src\stm32f1xx_it.o
 .data          0x00000000        0x0 Src\stm32f1xx_it.o
 .bss           0x00000000        0x0 Src\stm32f1xx_it.o
 .text          0x00000000        0x0 Src\system_stm32f1xx.o
 .data          0x00000000        0x0 Src\system_stm32f1xx.o
 .bss           0x00000000        0x0 Src\system_stm32f1xx.o
 .rodata.APBPrescTable
                0x00000000        0x8 Src\system_stm32f1xx.o
 .text.SystemCoreClockUpdate
                0x00000000       0xd8 Src\system_stm32f1xx.o
 .text          0x00000000       0x14 startup\startup_stm32f103xb.o
 .data          0x00000000        0x0 startup\startup_stm32f103xb.o
 .bss           0x00000000        0x0 startup\startup_stm32f103xb.o
 .text          0x00000000        0x0 c:/program files (x86)/atollic/truestudio for stm32 9.0.1/armtools/bin/../lib/gcc/arm-atollic-eabi/6.3.1/../../../../arm-atollic-eabi/lib/armv7-m\libc_nano.a(lib_a-init.o)
 .data          0x00000000        0x0 c:/program files (x86)/atollic/truestudio for stm32 9.0.1/armtools/bin/../lib/gcc/arm-atollic-eabi/6.3.1/../../../../arm-atollic-eabi/lib/armv7-m\libc_nano.a(lib_a-init.o)
 .bss           0x00000000        0x0 c:/program files (x86)/atollic/truestudio for stm32 9.0.1/armtools/bin/../lib/gcc/arm-atollic-eabi/6.3.1/../../../../arm-atollic-eabi/lib/armv7-m\libc_nano.a(lib_a-init.o)
 .text          0x00000000        0x0 c:/program files (x86)/atollic/truestudio for stm32 9.0.1/armtools/bin/../lib/gcc/arm-atollic-eabi/6.3.1/armv7-m/crtend.o
 .data          0x00000000        0x0 c:/program files (x86)/atollic/truestudio for stm32 9.0.1/armtools/bin/../lib/gcc/arm-atollic-eabi/6.3.1/armv7-m/crtend.o
 .bss           0x00000000        0x0 c:/program files (x86)/atollic/truestudio for stm32 9.0.1/armtools/bin/../lib/gcc/arm-atollic-eabi/6.3.1/armv7-m/crtend.o
 .eh_frame      0x00000000        0x4 c:/program files (x86)/atollic/truestudio for stm32 9.0.1/armtools/bin/../lib/gcc/arm-atollic-eabi/6.3.1/armv7-m/crtend.o
 .ARM.attributes
                0x00000000       0x2d c:/program files (x86)/atollic/truestudio for stm32 9.0.1/armtools/bin/../lib/gcc/arm-atollic-eabi/6.3.1/armv7-m/crtend.o
 .text          0x00000000        0x0 c:/program files (x86)/atollic/truestudio for stm32 9.0.1/armtools/bin/../lib/gcc/arm-atollic-eabi/6.3.1/armv7-m/crtn.o
 .data          0x00000000        0x0 c:/program files (x86)/atollic/truestudio for stm32 9.0.1/armtools/bin/../lib/gcc/arm-atollic-eabi/6.3.1/armv7-m/crtn.o
 .bss           0x00000000        0x0 c:/program files (x86)/atollic/truestudio for stm32 9.0.1/armtools/bin/../lib/gcc/arm-atollic-eabi/6.3.1/armv7-m/crtn.o

Memory Configuration

Name             Origin             Length             Attributes
RAM              0x20000000         0x00005000         xrw
FLASH            0x08000000         0x00010000         xr
*default*        0x00000000         0xffffffff

Linker script and memory map

LOAD c:/program files (x86)/atollic/truestudio for stm32 9.0.1/armtools/bin/../lib/gcc/arm-atollic-eabi/6.3.1/armv7-m/crti.o
LOAD c:/program files (x86)/atollic/truestudio for stm32 9.0.1/armtools/bin/../lib/gcc/arm-atollic-eabi/6.3.1/armv7-m/crtbegin.o
LOAD Drivers\STM32F1xx_HAL_Driver\Src\stm32f1xx_hal.o
LOAD Drivers\STM32F1xx_HAL_Driver\Src\stm32f1xx_hal_cortex.o
LOAD Drivers\STM32F1xx_HAL_Driver\Src\stm32f1xx_hal_dma.o
LOAD Drivers\STM32F1xx_HAL_Driver\Src\stm32f1xx_hal_flash.o
LOAD Drivers\STM32F1xx_HAL_Driver\Src\stm32f1xx_hal_flash_ex.o
LOAD Drivers\STM32F1xx_HAL_Driver\Src\stm32f1xx_hal_gpio.o
LOAD Drivers\STM32F1xx_HAL_Driver\Src\stm32f1xx_hal_gpio_ex.o
LOAD Drivers\STM32F1xx_HAL_Driver\Src\stm32f1xx_hal_pwr.o
LOAD Drivers\STM32F1xx_HAL_Driver\Src\stm32f1xx_hal_rcc.o
LOAD Drivers\STM32F1xx_HAL_Driver\Src\stm32f1xx_hal_rcc_ex.o
LOAD Drivers\STM32F1xx_HAL_Driver\Src\stm32f1xx_hal_tim.o
LOAD Drivers\STM32F1xx_HAL_Driver\Src\stm32f1xx_hal_tim_ex.o
LOAD Src\main.o
LOAD Src\stm32f1xx_hal_msp.o
LOAD Src\stm32f1xx_it.o
LOAD Src\system_stm32f1xx.o
LOAD startup\startup_stm32f103xb.o
                0x00000080                malloc_getpagesize_P = 0x80
START GROUP
LOAD c:/program files (x86)/atollic/truestudio for stm32 9.0.1/armtools/bin/../lib/gcc/arm-atollic-eabi/6.3.1/../../../../arm-atollic-eabi/lib/armv7-m\libc_nano.a
LOAD c:/program files (x86)/atollic/truestudio for stm32 9.0.1/armtools/bin/../lib/gcc/arm-atollic-eabi/6.3.1/../../../../arm-atollic-eabi/lib/armv7-m\libm.a
END GROUP
START GROUP
LOAD c:/program files (x86)/atollic/truestudio for stm32 9.0.1/armtools/bin/../lib/gcc/arm-atollic-eabi/6.3.1/armv7-m\libgcc.a
LOAD c:/program files (x86)/atollic/truestudio for stm32 9.0.1/armtools/bin/../lib/gcc/arm-atollic-eabi/6.3.1/../../../../arm-atollic-eabi/lib/armv7-m\libc_nano.a
END GROUP
START GROUP
LOAD c:/program files (x86)/atollic/truestudio for stm32 9.0.1/armtools/bin/../lib/gcc/arm-atollic-eabi/6.3.1/armv7-m\libgcc.a
LOAD c:/program files (x86)/atollic/truestudio for stm32 9.0.1/armtools/bin/../lib/gcc/arm-atollic-eabi/6.3.1/../../../../arm-atollic-eabi/lib/armv7-m\libc_nano.a
LOAD c:/program files (x86)/atollic/truestudio for stm32 9.0.1/armtools/bin/../lib/gcc/arm-atollic-eabi/6.3.1/../../../../arm-atollic-eabi/lib/armv7-m\libnosys.a
END GROUP
START GROUP
LOAD c:/program files (x86)/atollic/truestudio for stm32 9.0.1/armtools/bin/../lib/gcc/arm-atollic-eabi/6.3.1/armv7-m\libgcc.a
LOAD c:/program files (x86)/atollic/truestudio for stm32 9.0.1/armtools/bin/../lib/gcc/arm-atollic-eabi/6.3.1/../../../../arm-atollic-eabi/lib/armv7-m\libc_nano.a
LOAD c:/program files (x86)/atollic/truestudio for stm32 9.0.1/armtools/bin/../lib/gcc/arm-atollic-eabi/6.3.1/../../../../arm-atollic-eabi/lib/armv7-m\libnosys.a
END GROUP
LOAD c:/program files (x86)/atollic/truestudio for stm32 9.0.1/armtools/bin/../lib/gcc/arm-atollic-eabi/6.3.1/armv7-m/crtend.o
LOAD c:/program files (x86)/atollic/truestudio for stm32 9.0.1/armtools/bin/../lib/gcc/arm-atollic-eabi/6.3.1/armv7-m/crtn.o
                0x20005000                _estack = 0x20005000
                0x00000200                _Min_Heap_Size = 0x200
                0x00000400                _Min_Stack_Size = 0x400

.isr_vector     0x08000000      0x10c
                0x08000000                . = ALIGN (0x4)
 *(.isr_vector)
 .isr_vector    0x08000000      0x10c startup\startup_stm32f103xb.o
                0x08000000                g_pfnVectors
                0x0800010c                . = ALIGN (0x4)

.text           0x0800010c     0x120c
                0x0800010c                . = ALIGN (0x4)
 *(.text)
 .text          0x0800010c       0x40 c:/program files (x86)/atollic/truestudio for stm32 9.0.1/armtools/bin/../lib/gcc/arm-atollic-eabi/6.3.1/armv7-m/crtbegin.o
 *(.text*)
 .text.HAL_Init
                0x0800014c       0x2c Drivers\STM32F1xx_HAL_Driver\Src\stm32f1xx_hal.o
                0x0800014c                HAL_Init
 .text.HAL_InitTick
                0x08000178       0x60 Drivers\STM32F1xx_HAL_Driver\Src\stm32f1xx_hal.o
                0x08000178                HAL_InitTick
 .text.HAL_IncTick
                0x080001d8       0x24 Drivers\STM32F1xx_HAL_Driver\Src\stm32f1xx_hal.o
                0x080001d8                HAL_IncTick
 .text.HAL_GetTick
                0x080001fc       0x14 Drivers\STM32F1xx_HAL_Driver\Src\stm32f1xx_hal.o
                0x080001fc                HAL_GetTick
 .text.HAL_Delay
                0x08000210       0x44 Drivers\STM32F1xx_HAL_Driver\Src\stm32f1xx_hal.o
                0x08000210                HAL_Delay
 .text.NVIC_SetPriorityGrouping
                0x08000254       0x48 Drivers\STM32F1xx_HAL_Driver\Src\stm32f1xx_hal_cortex.o
 .text.NVIC_GetPriorityGrouping
                0x0800029c       0x1c Drivers\STM32F1xx_HAL_Driver\Src\stm32f1xx_hal_cortex.o
 .text.NVIC_SetPriority
                0x080002b8       0x54 Drivers\STM32F1xx_HAL_Driver\Src\stm32f1xx_hal_cortex.o
 .text.NVIC_EncodePriority
                0x0800030c       0x60 Drivers\STM32F1xx_HAL_Driver\Src\stm32f1xx_hal_cortex.o
 .text.SysTick_Config
                0x0800036c       0x44 Drivers\STM32F1xx_HAL_Driver\Src\stm32f1xx_hal_cortex.o
 .text.HAL_NVIC_SetPriorityGrouping
                0x080003b0       0x16 Drivers\STM32F1xx_HAL_Driver\Src\stm32f1xx_hal_cortex.o
                0x080003b0                HAL_NVIC_SetPriorityGrouping
 .text.HAL_NVIC_SetPriority
                0x080003c6       0x38 Drivers\STM32F1xx_HAL_Driver\Src\stm32f1xx_hal_cortex.o
                0x080003c6                HAL_NVIC_SetPriority
 .text.HAL_SYSTICK_Config
                0x080003fe       0x18 Drivers\STM32F1xx_HAL_Driver\Src\stm32f1xx_hal_cortex.o
                0x080003fe                HAL_SYSTICK_Config
 *fill*         0x08000416        0x2 
 .text.HAL_SYSTICK_CLKSourceConfig
                0x08000418       0x38 Drivers\STM32F1xx_HAL_Driver\Src\stm32f1xx_hal_cortex.o
                0x08000418                HAL_SYSTICK_CLKSourceConfig
 .text.HAL_SYSTICK_IRQHandler
                0x08000450        0xc Drivers\STM32F1xx_HAL_Driver\Src\stm32f1xx_hal_cortex.o
                0x08000450                HAL_SYSTICK_IRQHandler
 .text.HAL_SYSTICK_Callback
                0x0800045c        0xc Drivers\STM32F1xx_HAL_Driver\Src\stm32f1xx_hal_cortex.o
                0x0800045c                HAL_SYSTICK_Callback
 .text.HAL_GPIO_Init
                0x08000468      0x2bc Drivers\STM32F1xx_HAL_Driver\Src\stm32f1xx_hal_gpio.o
                0x08000468                HAL_GPIO_Init
 .text.HAL_GPIO_WritePin
                0x08000724       0x30 Drivers\STM32F1xx_HAL_Driver\Src\stm32f1xx_hal_gpio.o
                0x08000724                HAL_GPIO_WritePin
 .text.HAL_RCC_OscConfig
                0x08000754      0x4c8 Drivers\STM32F1xx_HAL_Driver\Src\stm32f1xx_hal_rcc.o
                0x08000754                HAL_RCC_OscConfig
 .text.HAL_RCC_ClockConfig
                0x08000c1c      0x1e8 Drivers\STM32F1xx_HAL_Driver\Src\stm32f1xx_hal_rcc.o
                0x08000c1c                HAL_RCC_ClockConfig
 .text.HAL_RCC_GetSysClockFreq
                0x08000e04       0xc4 Drivers\STM32F1xx_HAL_Driver\Src\stm32f1xx_hal_rcc.o
                0x08000e04                HAL_RCC_GetSysClockFreq
 .text.HAL_RCC_GetHCLKFreq
                0x08000ec8       0x14 Drivers\STM32F1xx_HAL_Driver\Src\stm32f1xx_hal_rcc.o
                0x08000ec8                HAL_RCC_GetHCLKFreq
 .text.RCC_Delay
                0x08000edc       0x3c Drivers\STM32F1xx_HAL_Driver\Src\stm32f1xx_hal_rcc.o
 .text.HAL_MspInit
                0x08000f18       0xbc Src\main.o
                0x08000f18                HAL_MspInit
 .text.main     0x08000fd4       0x88 Src\main.o
                0x08000fd4                main
 .text.SystemClock_Config
                0x0800105c       0x90 Src\main.o
                0x0800105c                SystemClock_Config
 .text.MX_GPIO_Init
                0x080010ec       0xb4 Src\main.o
 .text._Error_Handler
                0x080011a0        0xc Src\main.o
                0x080011a0                _Error_Handler
 .text.NMI_Handler
                0x080011ac        0xc Src\stm32f1xx_it.o
                0x080011ac                NMI_Handler
 .text.HardFault_Handler
                0x080011b8        0x6 Src\stm32f1xx_it.o
                0x080011b8                HardFault_Handler
 .text.MemManage_Handler
                0x080011be        0x6 Src\stm32f1xx_it.o
                0x080011be                MemManage_Handler
 .text.BusFault_Handler
                0x080011c4        0x6 Src\stm32f1xx_it.o
                0x080011c4                BusFault_Handler
 .text.UsageFault_Handler
                0x080011ca        0x6 Src\stm32f1xx_it.o
                0x080011ca                UsageFault_Handler
 .text.SVC_Handler
                0x080011d0        0xc Src\stm32f1xx_it.o
                0x080011d0                SVC_Handler
 .text.DebugMon_Handler
                0x080011dc        0xc Src\stm32f1xx_it.o
                0x080011dc                DebugMon_Handler
 .text.PendSV_Handler
                0x080011e8        0xc Src\stm32f1xx_it.o
                0x080011e8                PendSV_Handler
 .text.SysTick_Handler
                0x080011f4       0x10 Src\stm32f1xx_it.o
                0x080011f4                SysTick_Handler
 .text.SystemInit
                0x08001204       0x68 Src\system_stm32f1xx.o
                0x08001204                SystemInit
 .text.Reset_Handler
                0x0800126c       0x48 startup\startup_stm32f103xb.o
                0x0800126c                Reset_Handler
 .text.Default_Handler
                0x080012b4        0x2 startup\startup_stm32f103xb.o
                0x080012b4                RTC_Alarm_IRQHandler
                0x080012b4                EXTI2_IRQHandler
                0x080012b4                TIM1_CC_IRQHandler
                0x080012b4                PVD_IRQHandler
                0x080012b4                EXTI3_IRQHandler
                0x080012b4                EXTI0_IRQHandler
                0x080012b4                I2C2_EV_IRQHandler
                0x080012b4                ADC1_2_IRQHandler
                0x080012b4                SPI1_IRQHandler
                0x080012b4                TAMPER_IRQHandler
                0x080012b4                DMA1_Channel4_IRQHandler
                0x080012b4                USART3_IRQHandler
                0x080012b4                RTC_IRQHandler
                0x080012b4                DMA1_Channel7_IRQHandler
                0x080012b4                CAN1_RX1_IRQHandler
                0x080012b4                TIM4_IRQHandler
                0x080012b4                I2C1_EV_IRQHandler
                0x080012b4                DMA1_Channel6_IRQHandler
                0x080012b4                TIM3_IRQHandler
                0x080012b4                RCC_IRQHandler
                0x080012b4                TIM1_TRG_COM_IRQHandler
                0x080012b4                DMA1_Channel1_IRQHandler
                0x080012b4                Default_Handler
                0x080012b4                EXTI15_10_IRQHandler
                0x080012b4                EXTI9_5_IRQHandler
                0x080012b4                SPI2_IRQHandler
                0x080012b4                DMA1_Channel5_IRQHandler
                0x080012b4                EXTI4_IRQHandler
                0x080012b4                USB_LP_CAN1_RX0_IRQHandler
                0x080012b4                USB_HP_CAN1_TX_IRQHandler
                0x080012b4                DMA1_Channel3_IRQHandler
                0x080012b4                TIM1_UP_IRQHandler
                0x080012b4                WWDG_IRQHandler
                0x080012b4                TIM2_IRQHandler
                0x080012b4                TIM1_BRK_IRQHandler
                0x080012b4                EXTI1_IRQHandler
                0x080012b4                USART2_IRQHandler
                0x080012b4                I2C2_ER_IRQHandler
                0x080012b4                DMA1_Channel2_IRQHandler
                0x080012b4                CAN1_SCE_IRQHandler
                0x080012b4                FLASH_IRQHandler
                0x080012b4                USART1_IRQHandler
                0x080012b4                I2C1_ER_IRQHandler
                0x080012b4                USBWakeUp_IRQHandler
 *fill*         0x080012b6        0x2 
 .text.__libc_init_array
                0x080012b8       0x48 c:/program files (x86)/atollic/truestudio for stm32 9.0.1/armtools/bin/../lib/gcc/arm-atollic-eabi/6.3.1/../../../../arm-atollic-eabi/lib/armv7-m\libc_nano.a(lib_a-init.o)
                0x080012b8                __libc_init_array
 *(.glue_7)
 .glue_7        0x08001300        0x0 linker stubs
 *(.glue_7t)
 .glue_7t       0x08001300        0x0 linker stubs
 *(.eh_frame)
 .eh_frame      0x08001300        0x0 c:/program files (x86)/atollic/truestudio for stm32 9.0.1/armtools/bin/../lib/gcc/arm-atollic-eabi/6.3.1/armv7-m/crtbegin.o
 *(.init)
 .init          0x08001300        0x4 c:/program files (x86)/atollic/truestudio for stm32 9.0.1/armtools/bin/../lib/gcc/arm-atollic-eabi/6.3.1/armv7-m/crti.o
                0x08001300                _init
 .init          0x08001304        0x8 c:/program files (x86)/atollic/truestudio for stm32 9.0.1/armtools/bin/../lib/gcc/arm-atollic-eabi/6.3.1/armv7-m/crtn.o
 *(.fini)
 .fini          0x0800130c        0x4 c:/program files (x86)/atollic/truestudio for stm32 9.0.1/armtools/bin/../lib/gcc/arm-atollic-eabi/6.3.1/armv7-m/crti.o
                0x0800130c                _fini
 .fini          0x08001310        0x8 c:/program files (x86)/atollic/truestudio for stm32 9.0.1/armtools/bin/../lib/gcc/arm-atollic-eabi/6.3.1/armv7-m/crtn.o
                0x08001318                . = ALIGN (0x4)
                0x08001318                _etext = .

.vfp11_veneer   0x08001318        0x0
 .vfp11_veneer  0x08001318        0x0 linker stubs

.v4_bx          0x08001318        0x0
 .v4_bx         0x08001318        0x0 linker stubs

.iplt           0x08001318        0x0
 .iplt          0x08001318        0x0 c:/program files (x86)/atollic/truestudio for stm32 9.0.1/armtools/bin/../lib/gcc/arm-atollic-eabi/6.3.1/armv7-m/crtbegin.o

.rodata         0x08001318       0x34
                0x08001318                . = ALIGN (0x4)
 *(.rodata)
 .rodata        0x08001318       0x12 Drivers\STM32F1xx_HAL_Driver\Src\stm32f1xx_hal_rcc.o
 *fill*         0x0800132a        0x2 
 .rodata        0x0800132c        0xe Src\main.o
 *(.rodata*)
 *fill*         0x0800133a        0x2 
 .rodata.AHBPrescTable
                0x0800133c       0x10 Src\system_stm32f1xx.o
                0x0800133c                AHBPrescTable
                0x0800134c                . = ALIGN (0x4)

.rel.dyn        0x0800134c        0x0
 .rel.iplt      0x0800134c        0x0 c:/program files (x86)/atollic/truestudio for stm32 9.0.1/armtools/bin/../lib/gcc/arm-atollic-eabi/6.3.1/armv7-m/crtbegin.o

.ARM.extab
 *(.ARM.extab* .gnu.linkonce.armextab.*)

.ARM            0x0800134c        0x0
                0x0800134c                __exidx_start = .
 *(.ARM.exidx*)
                0x0800134c                __exidx_end = .

.preinit_array  0x0800134c        0x0
                0x0800134c                PROVIDE (__preinit_array_start, .)
 *(.preinit_array*)
                0x0800134c                PROVIDE (__preinit_array_end, .)

.init_array     0x0800134c        0x4
                0x0800134c                PROVIDE (__init_array_start, .)
 *(SORT(.init_array.*))
 *(.init_array*)
 .init_array    0x0800134c        0x4 c:/program files (x86)/atollic/truestudio for stm32 9.0.1/armtools/bin/../lib/gcc/arm-atollic-eabi/6.3.1/armv7-m/crtbegin.o
                0x08001350                PROVIDE (__init_array_end, .)

.fini_array     0x08001350        0x4
                [!provide]                PROVIDE (__fini_array_start, .)
 *(SORT(.fini_array.*))
 *(.fini_array*)
 .fini_array    0x08001350        0x4 c:/program files (x86)/atollic/truestudio for stm32 9.0.1/armtools/bin/../lib/gcc/arm-atollic-eabi/6.3.1/armv7-m/crtbegin.o
                [!provide]                PROVIDE (__fini_array_end, .)
                0x08001354                _sidata = LOADADDR (.data)

.data           0x20000000        0xc load address 0x08001354
                0x20000000                . = ALIGN (0x4)
                0x20000000                _sdata = .
 *(.data)
 *(.data*)
 .data.uwTickPrio
                0x20000000        0x4 Drivers\STM32F1xx_HAL_Driver\Src\stm32f1xx_hal.o
                0x20000000                uwTickPrio
 .data.uwTickFreq
                0x20000004        0x1 Drivers\STM32F1xx_HAL_Driver\Src\stm32f1xx_hal.o
                0x20000004                uwTickFreq
 *fill*         0x20000005        0x3 
 .data.SystemCoreClock
                0x20000008        0x4 Src\system_stm32f1xx.o
                0x20000008                SystemCoreClock
                0x2000000c                . = ALIGN (0x4)
                0x2000000c                _edata = .

.igot.plt       0x2000000c        0x0 load address 0x08001360
 .igot.plt      0x2000000c        0x0 c:/program files (x86)/atollic/truestudio for stm32 9.0.1/armtools/bin/../lib/gcc/arm-atollic-eabi/6.3.1/armv7-m/crtbegin.o
                0x2000000c                . = ALIGN (0x4)

.bss            0x2000000c       0x20 load address 0x08001360
                0x2000000c                _sbss = .
                0x2000000c                __bss_start__ = _sbss
 *(.bss)
 .bss           0x2000000c       0x1c c:/program files (x86)/atollic/truestudio for stm32 9.0.1/armtools/bin/../lib/gcc/arm-atollic-eabi/6.3.1/armv7-m/crtbegin.o
 *(.bss*)
 *(COMMON)
 COMMON         0x20000028        0x4 Drivers\STM32F1xx_HAL_Driver\Src\stm32f1xx_hal.o
                0x20000028                uwTick
                0x2000002c                . = ALIGN (0x4)
                0x2000002c                _ebss = .
                0x2000002c                __bss_end__ = _ebss

._user_heap_stack
                0x2000002c      0x600 load address 0x08001360
                0x2000002c                . = ALIGN (0x4)
                [!provide]                PROVIDE (end, .)
                [!provide]                PROVIDE (_end, .)
                0x2000022c                . = (. + _Min_Heap_Size)
 *fill*         0x2000002c      0x200 
                0x2000062c                . = (. + _Min_Stack_Size)
 *fill*         0x2000022c      0x400 
                0x2000062c                . = ALIGN (0x4)

/DISCARD/
 libc.a(*)
 libm.a(*)
 libgcc.a(*)

.ARM.attributes
                0x00000000       0x29
 *(.ARM.attributes)
 .ARM.attributes
                0x00000000       0x1d c:/program files (x86)/atollic/truestudio for stm32 9.0.1/armtools/bin/../lib/gcc/arm-atollic-eabi/6.3.1/armv7-m/crti.o
 .ARM.attributes
                0x0000001d       0x2d c:/program files (x86)/atollic/truestudio for stm32 9.0.1/armtools/bin/../lib/gcc/arm-atollic-eabi/6.3.1/armv7-m/crtbegin.o
 .ARM.attributes
                0x0000004a       0x33 Drivers\STM32F1xx_HAL_Driver\Src\stm32f1xx_hal.o
 .ARM.attributes
                0x0000007d       0x33 Drivers\STM32F1xx_HAL_Driver\Src\stm32f1xx_hal_cortex.o
 .ARM.attributes
                0x000000b0       0x33 Drivers\STM32F1xx_HAL_Driver\Src\stm32f1xx_hal_gpio.o
 .ARM.attributes
                0x000000e3       0x33 Drivers\STM32F1xx_HAL_Driver\Src\stm32f1xx_hal_rcc.o
 .ARM.attributes
                0x00000116       0x33 Src\main.o
 .ARM.attributes
                0x00000149       0x33 Src\stm32f1xx_it.o
 .ARM.attributes
                0x0000017c       0x33 Src\system_stm32f1xx.o
 .ARM.attributes
                0x000001af       0x21 startup\startup_stm32f103xb.o
 .ARM.attributes
                0x000001d0       0x2d c:/program files (x86)/atollic/truestudio for stm32 9.0.1/armtools/bin/../lib/gcc/arm-atollic-eabi/6.3.1/../../../../arm-atollic-eabi/lib/armv7-m\libc_nano.a(lib_a-init.o)
 .ARM.attributes
                0x000001fd       0x1d c:/program files (x86)/atollic/truestudio for stm32 9.0.1/armtools/bin/../lib/gcc/arm-atollic-eabi/6.3.1/armv7-m/crtn.o
OUTPUT(leds_001.elf elf32-littlearm)

.debug_info     0x00000000     0x6549
 .debug_info    0x00000000      0xeec Drivers\STM32F1xx_HAL_Driver\Src\stm32f1xx_hal.o
 .debug_info    0x00000eec     0x1303 Drivers\STM32F1xx_HAL_Driver\Src\stm32f1xx_hal_cortex.o
 .debug_info    0x000021ef      0xe66 Drivers\STM32F1xx_HAL_Driver\Src\stm32f1xx_hal_gpio.o
 .debug_info    0x00003055      0xfe2 Drivers\STM32F1xx_HAL_Driver\Src\stm32f1xx_hal_rcc.o
 .debug_info    0x00004037      0xed8 Src\main.o
 .debug_info    0x00004f0f      0x9c8 Src\stm32f1xx_it.o
 .debug_info    0x000058d7      0xc04 Src\system_stm32f1xx.o
 .debug_info    0x000064db       0x6e startup\startup_stm32f103xb.o

.debug_abbrev   0x00000000     0x1110
 .debug_abbrev  0x00000000      0x2ab Drivers\STM32F1xx_HAL_Driver\Src\stm32f1xx_hal.o
 .debug_abbrev  0x000002ab      0x368 Drivers\STM32F1xx_HAL_Driver\Src\stm32f1xx_hal_cortex.o
 .debug_abbrev  0x00000613      0x24c Drivers\STM32F1xx_HAL_Driver\Src\stm32f1xx_hal_gpio.o
 .debug_abbrev  0x0000085f      0x2e6 Drivers\STM32F1xx_HAL_Driver\Src\stm32f1xx_hal_rcc.o
 .debug_abbrev  0x00000b45      0x23e Src\main.o
 .debug_abbrev  0x00000d83      0x190 Src\stm32f1xx_it.o
 .debug_abbrev  0x00000f13      0x1eb Src\system_stm32f1xx.o
 .debug_abbrev  0x000010fe       0x12 startup\startup_stm32f103xb.o

.debug_aranges  0x00000000      0x3a8
 .debug_aranges
                0x00000000       0xd0 Drivers\STM32F1xx_HAL_Driver\Src\stm32f1xx_hal.o
 .debug_aranges
                0x000000d0      0x100 Drivers\STM32F1xx_HAL_Driver\Src\stm32f1xx_hal_cortex.o
 .debug_aranges
                0x000001d0       0x58 Drivers\STM32F1xx_HAL_Driver\Src\stm32f1xx_hal_gpio.o
 .debug_aranges
                0x00000228       0x90 Drivers\STM32F1xx_HAL_Driver\Src\stm32f1xx_hal_rcc.o
 .debug_aranges
                0x000002b8       0x40 Src\main.o
 .debug_aranges
                0x000002f8       0x60 Src\stm32f1xx_it.o
 .debug_aranges
                0x00000358       0x28 Src\system_stm32f1xx.o
 .debug_aranges
                0x00000380       0x28 startup\startup_stm32f103xb.o

.debug_ranges   0x00000000      0x330
 .debug_ranges  0x00000000       0xc0 Drivers\STM32F1xx_HAL_Driver\Src\stm32f1xx_hal.o
 .debug_ranges  0x000000c0       0xf0 Drivers\STM32F1xx_HAL_Driver\Src\stm32f1xx_hal_cortex.o
 .debug_ranges  0x000001b0       0x48 Drivers\STM32F1xx_HAL_Driver\Src\stm32f1xx_hal_gpio.o
 .debug_ranges  0x000001f8       0x80 Drivers\STM32F1xx_HAL_Driver\Src\stm32f1xx_hal_rcc.o
 .debug_ranges  0x00000278       0x30 Src\main.o
 .debug_ranges  0x000002a8       0x50 Src\stm32f1xx_it.o
 .debug_ranges  0x000002f8       0x18 Src\system_stm32f1xx.o
 .debug_ranges  0x00000310       0x20 startup\startup_stm32f103xb.o

.debug_line     0x00000000     0x1cfb
 .debug_line    0x00000000      0x458 Drivers\STM32F1xx_HAL_Driver\Src\stm32f1xx_hal.o
 .debug_line    0x00000458      0x508 Drivers\STM32F1xx_HAL_Driver\Src\stm32f1xx_hal_cortex.o
 .debug_line    0x00000960      0x4a4 Drivers\STM32F1xx_HAL_Driver\Src\stm32f1xx_hal_gpio.o
 .debug_line    0x00000e04      0x592 Drivers\STM32F1xx_HAL_Driver\Src\stm32f1xx_hal_rcc.o
 .debug_line    0x00001396      0x393 Src\main.o
 .debug_line    0x00001729      0x2c6 Src\stm32f1xx_it.o
 .debug_line    0x000019ef      0x28f Src\system_stm32f1xx.o
 .debug_line    0x00001c7e       0x7d startup\startup_stm32f103xb.o

.debug_str      0x00000000     0x14df
 .debug_str     0x00000000      0xb7a Drivers\STM32F1xx_HAL_Driver\Src\stm32f1xx_hal.o
                                0xc1b (size before relaxing)
 .debug_str     0x00000b7a      0x326 Drivers\STM32F1xx_HAL_Driver\Src\stm32f1xx_hal_cortex.o
                                0xd0e (size before relaxing)
 .debug_str     0x00000ea0      0x1d6 Drivers\STM32F1xx_HAL_Driver\Src\stm32f1xx_hal_gpio.o
                                0x87b (size before relaxing)
 .debug_str     0x00001076      0x31f Drivers\STM32F1xx_HAL_Driver\Src\stm32f1xx_hal_rcc.o
                                0xa2b (size before relaxing)
 .debug_str     0x00001395       0x57 Src\main.o
                                0xb43 (size before relaxing)
 .debug_str     0x000013ec       0xa6 Src\stm32f1xx_it.o
                                0x69a (size before relaxing)
 .debug_str     0x00001492       0x4d Src\system_stm32f1xx.o
                                0x6e4 (size before relaxing)

.comment        0x00000000       0x7c
 .comment       0x00000000       0x7c Drivers\STM32F1xx_HAL_Driver\Src\stm32f1xx_hal.o
                                 0x7d (size before relaxing)
 .comment       0x0000007c       0x7d Drivers\STM32F1xx_HAL_Driver\Src\stm32f1xx_hal_cortex.o
 .comment       0x0000007c       0x7d Drivers\STM32F1xx_HAL_Driver\Src\stm32f1xx_hal_gpio.o
 .comment       0x0000007c       0x7d Drivers\STM32F1xx_HAL_Driver\Src\stm32f1xx_hal_rcc.o
 .comment       0x0000007c       0x7d Src\main.o
 .comment       0x0000007c       0x7d Src\stm32f1xx_it.o
 .comment       0x0000007c       0x7d Src\system_stm32f1xx.o

.debug_frame    0x00000000      0xcd0
 .debug_frame   0x00000000      0x2fc Drivers\STM32F1xx_HAL_Driver\Src\stm32f1xx_hal.o
 .debug_frame   0x000002fc      0x428 Drivers\STM32F1xx_HAL_Driver\Src\stm32f1xx_hal_cortex.o
 .debug_frame   0x00000724      0x14c Drivers\STM32F1xx_HAL_Driver\Src\stm32f1xx_hal_gpio.o
 .debug_frame   0x00000870      0x21c Drivers\STM32F1xx_HAL_Driver\Src\stm32f1xx_hal_rcc.o
 .debug_frame   0x00000a8c       0xb4 Src\main.o
 .debug_frame   0x00000b40      0x10c Src\stm32f1xx_it.o
 .debug_frame   0x00000c4c       0x58 Src\system_stm32f1xx.o
 .debug_frame   0x00000ca4       0x2c c:/program files (x86)/atollic/truestudio for stm32 9.0.1/armtools/bin/../lib/gcc/arm-atollic-eabi/6.3.1/../../../../arm-atollic-eabi/lib/armv7-m\libc_nano.a(lib_a-init.o)
